{
    "process_test_1": {
        "content": [
            {
                "0": [
                    "input.txt.gz:md5,2e5841fccf3395e69054657e1f06c3a7"
                ],
                "1": [
                    "output.json:md5,a49d148b49ae6ddae967636d940c1654"
                ],
                "output_file": [
                    "input.txt.gz:md5,2e5841fccf3395e69054657e1f06c3a7"
                ],
                "output_json": [
                    "output.json:md5,a49d148b49ae6ddae967636d940c1654"
                ]
            }
        ],
        "meta": {
            "nf-test": "0.9.0",
            "nextflow": "23.10.0"
        },
        "timestamp": "2024-08-27T14:43:28.204545"
    }
}