{
    "process_test_1": {
        "content": [
            {
                "output_file": [
                    "input.txt.gz:md5,cad0b2b72339e92e6e53c4d4e6f3a3bc"
                ],
                "output_json": [
                    "output.json:md5,a49d148b49ae6ddae967636d940c1654"
                ]
            }
        ],
        "timestamp": "2022-10-18T11:22:31+0000"
    }
}