{
    "process_test_1": {
        "content": [
            {
                "stderr": [
                    
                ],
                "errorReport": null,
                "exitStatus": 0,
                "failed": false,
                "stdout": [
                    "Process channel 0...",
                    "WARN: Task runtime metrics are not reported when using macOS without a container engine",
                    "Wrote channel 0 to /Users/lukfor/Development/git/nf-test/.nf-test/tests/f36147d1fb4170e5875898826b94b5d6/meta/output_0.json"
                ],
                "errorMessage": null,
                "trace": {
                    "tasksFailed": 0,
                    "tasksCount": 5,
                    "tasksSucceeded": 5
                },
                "name": "workflow",
                "success": true
            },
            [
                "1_28.txt:md5,cb6d376c512ae5d94a5b4031a6d84441",
                "2_28.txt:md5,14a244f8e6f13b3429711200c7e89bf4",
                "3_28.txt:md5,b2f4edba5545c31d5b8e246136a12c63",
                "4_28.txt:md5,74136f1ebff66a01335c4f7bb0e11582",
                "5_28.txt:md5,b6713b59c66f67fd6a28e8b09ff4f582"
            ]
        ],
        "timestamp": "2023-09-02T14:52:13.274694"
    }
}