{
    "Should create 5 files": {
        "content": [
            {
                "0": [
                    [
                        "1_a.txt:md5,086e29e2872195015ce2d3104909b20f",
                        "1_b.txt:md5,086e29e2872195015ce2d3104909b20f",
                        "1_c.txt:md5,086e29e2872195015ce2d3104909b20f"
                    ]
                ],
                "my_output_folder": [
                    [
                        "1_a.txt:md5,086e29e2872195015ce2d3104909b20f",
                        "1_b.txt:md5,086e29e2872195015ce2d3104909b20f",
                        "1_c.txt:md5,086e29e2872195015ce2d3104909b20f"
                    ]
                ]
            }
        ],
        "timestamp": "2022-11-09T13:20:40+0000"
    }
}