{
    "forer lukas": {
        "content": [
            {
                "stderr": [
                    
                ],
                "errorReport": null,
                "exitStatus": 0,
                "failed": false,
                "result": "Hello aaron",
                "stdout": [
                    "Hello aaron"
                ],
                "errorMessage": null,
                "trace": {
                    "tasksFailed": 0,
                    "tasksCount": 0,
                    "tasksSucceeded": 0
                },
                "name": "say_hello",
                "success": true
            }
        ],
        "timestamp": "2023-08-26T15:20:15.069134"
    }
}