{
    "forer lukas": {
        "content": [
            {
                "success": true,
                "exitStatus": 0,
                "errorMessage": null,
                "errorReport": null,
                "failed": false,
                "trace": {
                    "tasksCount": 0,
                    "tasksFailed": 0,
                    "tasksSucceeded": 0
                },
                "stdout": [
                    "Hello aaron"
                ],
                "stderr": [
                    
                ],
                "result": "Hello aaron",
                "name": "say_hello"
            }
        ],
        "timestamp": "2026-02-03T13:45:08.036944867",
        "meta": {
            "nf-test": "0.9.3",
            "nextflow": "25.10.3"
        }
    }
}