{
    "Passing case": {
        "content": [
            {
                "id": "1234-5678-9101",
                "status": "SUCCESS",
                "end_time": "<END_TIME>",
                "chunks": [
                    1,
                    2,
                    3,
                    4,
                    5,
                    6,
                    7,
                    8,
                    9
                ],
                "value": "1.36",
                "files": [
                    [
                        "ID,Name,Quantity,Price",
                        "1,Item1,11,2.49",
                        "2,Item2,12,2.99",
                        "3,Item3,13,3.49",
                        "4,Item4,14,3.99",
                        "5,Item5,15,4.49",
                        "6,Item6,16,4.99",
                        "7,Item7,17,5.49",
                        "8,Item8,18,5.99",
                        "9,Item9,19,6.49",
                        "10,Item10,20,6.99",
                        "11,Item11,21,7.49",
                        "12,Item12,22,7.99",
                        "13,Item13,23,8.49",
                        "14,Item14,24,8.99",
                        "15,Item15,25,9.49",
                        "16,Item16,26,9.99",
                        "17,Item17,27,10.49",
                        "18,Item18,28,10.99",
                        "19,Item19,29,11.49",
                        "20,Item20,30,11.99"
                    ],
                    "output.log"
                ]
            }
        ],
        "meta": {
            "nf-test": "0.9.0-rc2",
            "nextflow": "23.04.3"
        },
        "timestamp": "2024-06-12T17:08:37.459381"
    }
}